*I,RUNLD: Successfully loaded run /home/student/jiwanicka/VDIC/lab08/cov_work/scope/dual_test.
*I,MERGL1: Merging Simulation Coverage ...
----------------------------
*I,MERGL1: Preparing target model ...
*I,MERGL1: Reading model of primary run (cov_work/scope/dual_test) as initial model: cov_work/scope/icc_15f120ff_663c70d4.ucm
*I,MERGL1: Target model generated successfully.
*I,MERGL1: Projecting Simulation ucd data into the target model ...
*I,MERGL2:   cov_work/scope/dual_test:
*I,MERGL3:       Data is projected in to the target model.
*I,MERGL1: Writing output database cov_work/scope/merged_results:
*I,MERGL2:   Model: cov_work/scope/merged_results/icc_15f120ff_663c70d4.ucm
*I,MERGL2:   Data : cov_work/scope/merged_results/icc_15f120ff_663c70d4.ucd
*I,MERGL1: No Specman coverage databases found in the runs.
Total conflicts during target model creation: 0
Total items not merged                      : 0
Total runs not considered during target model creation: 0
Total runs not merged                                 : 0
*I,RUNLD: Successfully loaded run /home/student/jiwanicka/VDIC/lab08/cov_work/scope/merged_results.
*W,REPDEP: This is a legacy report and no future enhancement is planned for this report. It is recommended that you use the 'report_metrics' command and generate a dynamic report.
name                                     Overall Average      Overall Covered      Code Average         Code Covered         Fsm Average          Fsm Covered          Functional Average   Functional Covered   
-----------------------------------------------------------------------------------------------------------------------------------------------------------------------------------------------------------------
uvm_pkg                                  n/a                  n/a                  n/a                  n/a                  n/a                  n/a                  n/a                  n/a                  
|--uvm_test_top                          n/a                  n/a                  n/a                  n/a                  n/a                  n/a                  n/a                  n/a                  
| |--env_h                               n/a                  n/a                  n/a                  n/a                  n/a                  n/a                  n/a                  n/a                  
| | |--class_alu_agent_h                 n/a                  n/a                  n/a                  n/a                  n/a                  n/a                  n/a                  n/a                  
| | | |--coverage_h                      100.00%              100.00% (60/60)      n/a                  n/a                  n/a                  n/a                  100.00%              100.00% (60/60)      
| | |--module_alu_agent_h                n/a                  n/a                  n/a                  n/a                  n/a                  n/a                  n/a                  n/a                  
| | | |--coverage_h                      100.00%              100.00% (60/60)      n/a                  n/a                  n/a                  n/a                  100.00%              100.00% (60/60)      
top                                      100.00%              100.00% (3/3)        100.00%              100.00% (3/3)        n/a                  n/a                  n/a                  n/a                  
|--class_bfm                             77.55%               67.23% (521/775)     77.55%               67.23% (521/775)     n/a                  n/a                  n/a                  n/a                  
|--class_dut                             98.21%               98.21% (55/56)       98.21%               98.21% (55/56)       n/a                  n/a                  n/a                  n/a                  
|--module_bfm                            83.17%               77.68% (602/775)     83.17%               77.68% (602/775)     n/a                  n/a                  n/a                  n/a                  
|--module_dut                            98.21%               98.21% (55/56)       98.21%               98.21% (55/56)       n/a                  n/a                  n/a                  n/a                  
|--stim_module                           90.15%               92.71% (369/398)     90.15%               92.71% (369/398)     n/a                  n/a                  n/a                  n/a                  
